MPLINK 5.09, LINKER
Linker Map File - Created Thu Sep 25 01:02:38 2025

                                 Section Info
                  Section       Type    Address   Location Size(Bytes)
                ---------  ---------  ---------  ---------  ---------
                   .org_0       code   0x000000    program   0x00004e
                   .cinit    romdata   0x00004e    program   0x000002
.config_300001_BUILD/DEFAULT/PRODUCTION/LAB2-HA    romdata   0x300001    program   0x000001
.config_300003_BUILD/DEFAULT/PRODUCTION/LAB2-HA    romdata   0x300003    program   0x000001



                              Program Memory Usage 
                               Start         End      
                           ---------   ---------      
                            0x000000    0x00004f      
                            0x300001    0x300001      
                            0x300003    0x300003      
            82 out of 33048 program addresses used, program memory utilization is 0%



                              Symbols - Sorted by Name
                     Name    Address   Location    Storage File                     
                ---------  ---------  ---------  --------- ---------                
                        I   0x000030    program     static /home/lum1na/MPLABXProjects/lab2.X/lab2-hard.asm
             InitializeIJ   0x000028    program     static /home/lum1na/MPLABXProjects/lab2.X/lab2-hard.asm
                        J   0x000042    program     static /home/lum1na/MPLABXProjects/lab2.X/lab2-hard.asm



                              Symbols - Sorted by Address
                     Name    Address   Location    Storage File                     
                ---------  ---------  ---------  --------- ---------                
             InitializeIJ   0x000028    program     static /home/lum1na/MPLABXProjects/lab2.X/lab2-hard.asm
                        I   0x000030    program     static /home/lum1na/MPLABXProjects/lab2.X/lab2-hard.asm
                        J   0x000042    program     static /home/lum1na/MPLABXProjects/lab2.X/lab2-hard.asm


