MPLINK 5.09, LINKER
Linker Map File - Created Sun Oct 19 15:22:25 2025

                                 Section Info
                  Section       Type    Address   Location Size(Bytes)
                ---------  ---------  ---------  ---------  ---------
                   .org_0       code   0x000000    program   0x00008e
                   .cinit    romdata   0x00008e    program   0x000002
.config_300001_BUILD/DEFAULT/DEBUG/LAB4-HARD.O    romdata   0x300001    program   0x000001
.config_300003_BUILD/DEFAULT/DEBUG/LAB4-HARD.O    romdata   0x300003    program   0x000001



                              Program Memory Usage 
                               Start         End      
                           ---------   ---------      
                            0x000000    0x00008f      
                            0x300001    0x300001      
                            0x300003    0x300003      
            146 out of 33048 program addresses used, program memory utilization is 0%



                              Symbols - Sorted by Name
                     Name    Address   Location    Storage File                     
                ---------  ---------  ---------  --------- ---------                
                 division   0x000054    program     static /home/lum1na/MPLABXProjects/lab4.X/lab4-hard.asm
                   finish   0x00008e    program     static /home/lum1na/MPLABXProjects/lab4.X/lab4-hard.asm
                      neg   0x00006a    program     static /home/lum1na/MPLABXProjects/lab4.X/lab4-hard.asm
               newtonSqrt   0x00001a    program     static /home/lum1na/MPLABXProjects/lab4.X/lab4-hard.asm
                 next_div   0x000086    program     static /home/lum1na/MPLABXProjects/lab4.X/lab4-hard.asm
                      pos   0x00007c    program     static /home/lum1na/MPLABXProjects/lab4.X/lab4-hard.asm



                              Symbols - Sorted by Address
                     Name    Address   Location    Storage File                     
                ---------  ---------  ---------  --------- ---------                
               newtonSqrt   0x00001a    program     static /home/lum1na/MPLABXProjects/lab4.X/lab4-hard.asm
                 division   0x000054    program     static /home/lum1na/MPLABXProjects/lab4.X/lab4-hard.asm
                      neg   0x00006a    program     static /home/lum1na/MPLABXProjects/lab4.X/lab4-hard.asm
                      pos   0x00007c    program     static /home/lum1na/MPLABXProjects/lab4.X/lab4-hard.asm
                 next_div   0x000086    program     static /home/lum1na/MPLABXProjects/lab4.X/lab4-hard.asm
                   finish   0x00008e    program     static /home/lum1na/MPLABXProjects/lab4.X/lab4-hard.asm


