MPLINK 5.09, LINKER
Linker Map File - Created Wed Oct 15 14:36:39 2025

                                 Section Info
                  Section       Type    Address   Location Size(Bytes)
                ---------  ---------  ---------  ---------  ---------
                   .org_0       code   0x000000    program   0x00009e
                   .cinit    romdata   0x00009e    program   0x000002
.config_300001_BUILD/DEFAULT/PRODUCTION/LAB4-HA    romdata   0x300001    program   0x000001
.config_300003_BUILD/DEFAULT/PRODUCTION/LAB4-HA    romdata   0x300003    program   0x000001



                              Program Memory Usage 
                               Start         End      
                           ---------   ---------      
                            0x000000    0x00009f      
                            0x300001    0x300001      
                            0x300003    0x300003      
            162 out of 33048 program addresses used, program memory utilization is 0%



                              Symbols - Sorted by Name
                     Name    Address   Location    Storage File                     
                ---------  ---------  ---------  --------- ---------                
                 division   0x000064    program     static /home/lum1na/MPLABXProjects/lab4.X/lab4-hard.asm
                   finish   0x00009e    program     static /home/lum1na/MPLABXProjects/lab4.X/lab4-hard.asm
                      neg   0x00007a    program     static /home/lum1na/MPLABXProjects/lab4.X/lab4-hard.asm
               newtonSqrt   0x000016    program     static /home/lum1na/MPLABXProjects/lab4.X/lab4-hard.asm
                 next_div   0x000096    program     static /home/lum1na/MPLABXProjects/lab4.X/lab4-hard.asm
                      pos   0x00008c    program     static /home/lum1na/MPLABXProjects/lab4.X/lab4-hard.asm
                     save   0x000058    program     static /home/lum1na/MPLABXProjects/lab4.X/lab4-hard.asm



                              Symbols - Sorted by Address
                     Name    Address   Location    Storage File                     
                ---------  ---------  ---------  --------- ---------                
               newtonSqrt   0x000016    program     static /home/lum1na/MPLABXProjects/lab4.X/lab4-hard.asm
                     save   0x000058    program     static /home/lum1na/MPLABXProjects/lab4.X/lab4-hard.asm
                 division   0x000064    program     static /home/lum1na/MPLABXProjects/lab4.X/lab4-hard.asm
                      neg   0x00007a    program     static /home/lum1na/MPLABXProjects/lab4.X/lab4-hard.asm
                      pos   0x00008c    program     static /home/lum1na/MPLABXProjects/lab4.X/lab4-hard.asm
                 next_div   0x000096    program     static /home/lum1na/MPLABXProjects/lab4.X/lab4-hard.asm
                   finish   0x00009e    program     static /home/lum1na/MPLABXProjects/lab4.X/lab4-hard.asm


